    Updating crates.io index
     Locking 24 packages to latest Rust 1.85 compatible versions
      Adding aes v0.9.2 (available: v0.9.3, requires Rust 1.89)
      Adding aes-gcm v0.11.1
      Adding base16ct v1.0.0
      Adding const-oid v0.10.2
      Adding cpubits v0.1.1
      Adding crypto-bigint v0.7.5
      Adding ctr v0.10.1
      Adding der v0.8.2
      Adding elliptic-curve v0.14.1
      Adding ff v0.14.0
      Adding fiat-crypto v0.3.0
      Adding ghash v0.6.0
      Adding group v0.14.0
      Adding hpke v0.14.1
      Adding p256 v0.14.0
      Adding p384 v0.14.0
      Adding p521 v0.14.0
      Adding polyval v0.7.3
      Adding primefield v0.14.0
      Adding primeorder v0.14.0
      Adding rand_core v0.10.1
      Adding sec1 v0.8.1
      Adding wnaf v0.14.1
      Adding zeroize_derive v1.5.0
