    Updating crates.io index
     Locking 36 packages to latest Rust 1.85 compatible versions
      Adding aes v0.9.2 (available: v0.9.3, requires Rust 1.89)
      Adding aes-gcm v0.11.1
      Adding base16ct v1.0.0
      Adding const-oid v0.10.2
      Adding core-foundation v0.10.1
      Adding core-foundation-sys v0.8.7
      Adding cpubits v0.1.1
      Adding crypto-bigint v0.7.5
      Adding ctr v0.10.1
      Adding curve25519-dalek v5.0.0
      Adding curve25519-dalek-derive v0.1.1
      Adding der v0.8.2
      Adding ecdsa v0.17.0
      Adding elliptic-curve v0.14.1
      Adding ff v0.14.0
      Adding fiat-crypto v0.3.0
      Adding ghash v0.6.0
      Adding group v0.14.0
      Adding hpke v0.14.1
      Adding p256 v0.14.0
      Adding p384 v0.14.0
      Adding p521 v0.14.0
      Adding polyval v0.7.3
      Adding primefield v0.14.0
      Adding primeorder v0.14.0
      Adding rand_core v0.10.1
      Adding rfc6979 v0.6.0
      Adding rustc_version v0.4.1
      Adding sec1 v0.8.1
      Adding security-framework v3.7.0
      Adding security-framework-sys v2.17.0
      Adding semver v1.0.28
      Adding signature v3.0.0
      Adding wnaf v0.14.1
      Adding x25519-dalek v3.0.0
      Adding zeroize_derive v1.5.0
